"data":"[SMOKE] FAST=1 N_TRAIN_WELLS=40 ROGII_GOLD_MAX_WELLS=40\n"
"data":"guarded_overlap_override: True\n"
"data":"submission.csv written (14151 rows) in 48s\n"
"data":"override OK   000d7d20 ref=EGFDU known-prefix rmse=0.0101 rows overridden=3836/3836\n"
"data":"override OK   00bbac68 ref=EGFDU known-prefix rmse=0.0090 rows overridden=6014/6014\n"
"data":"override OK   00e12e8b ref=EGFDU known-prefix rmse=0.0079 rows overridden=4301/4301\n"
"data":"GUARDED override done: overridden=3 skipped=0 (skipped = kept the blend)\n"
"data":"Visible-prefix calibration: {'profile': 'balanced', 'include_pf': True, 'cal_seeds': 24, 'final_seeds': 48, 'particles': 350, 'cut_fracs': (0.5, 0.65, 0.75), 'variants': 104, 'skip_bimodal': False, 'vp_skip_requires_low_trust': False, 'vp_low_trust_threshold': 0.25, 'contact_override': True, 'final_selection': 'profile'}\n"
"data":"gold contact override OK 000d7d20 ref=EGFDU rmse=0.0101 rows=3836/3836\n"
"data":"gold contact override OK 00bbac68 ref=EGFDU rmse=0.0090 rows=6014/6014\n"
"data":"gold contact override OK 00e12e8b ref=EGFDU rmse=0.0079 rows=4301/4301\n"
"data":"gold contact override done: overridden=3 skipped=0\n"
"data":"gold contact override OK 000d7d20 ref=EGFDU rmse=0.0101 rows=3836/3836\n"
"data":"gold contact override OK 00bbac68 ref=EGFDU rmse=0.0090 rows=6014/6014\n"
"data":"gold contact override OK 00e12e8b ref=EGFDU rmse=0.0079 rows=4301/4301\n"
"data":"gold contact override done: overridden=3 skipped=0\n"
"data":"gold contact override OK 000d7d20 ref=EGFDU rmse=0.0101 rows=3836/3836\n"
"data":"gold contact override OK 00bbac68 ref=EGFDU rmse=0.0090 rows=6014/6014\n"
"data":"gold contact override OK 00e12e8b ref=EGFDU rmse=0.0079 rows=4301/4301\n"
"data":"gold contact override done: overridden=3 skipped=0\n"
