rows=3721471 wells=760  deployed(A=1,W=.15)=8.8626  visible wells present=3
deployed visible-well pooled RMSE = 4.7561

   A     W  gate |      OOF     gain |  boot5th frac>0 |  cov%     vis   twin39
  20  0.20   800 |   8.7380  +0.1247 |  +0.0430    99% | 81.5  4.4962  -0.5204
  20  0.20  1000 |   8.7269  +0.1357 |  +0.0528   100% | 87.2  4.4962  -0.3546
  20  0.20  1200 |   8.7228  +0.1399 |  +0.0294    98% | 90.9  4.4962  -0.3577
  20  0.25   800 |   8.6844  +0.1782 |  +0.0498    99% | 81.5  4.4173  -0.6764
  20  0.25  1000 |   8.6790  +0.1837 |  +0.0530    98% | 87.2  4.4173  -0.5071
  20  0.25  1200 |   8.6882  +0.1745 |  +0.0168    97% | 90.9  4.4173  -0.5069
  20  0.30   800 |   8.6674  +0.1952 |  +0.0186    97% | 81.5  4.4047  -0.8707
  20  0.30  1000 |   8.6711  +0.1916 |  +0.0119    96% | 87.2  4.4047  -0.6989
  20  0.30  1200 |   8.6994  +0.1632 |  -0.0344    90% | 90.9  4.4047  -0.6954
  50  0.20   800 |   8.7433  +0.1194 |  +0.0388    99% | 81.5  4.5707  -0.4662
  50  0.20  1000 |   8.7370  +0.1257 |  +0.0493    99% | 87.2  4.5707  -0.3055
  50  0.20  1200 |   8.7340  +0.1287 |  +0.0236    97% | 90.9  4.5707  -0.3090
  50  0.25   800 |   8.6824  +0.1802 |  +0.0516    99% | 81.5  4.4655  -0.6129
  50  0.25  1000 |   8.6825  +0.1802 |  +0.0579    98% | 87.2  4.4655  -0.4443 <== 54878409
  50  0.25  1200 |   8.6935  +0.1692 |  +0.0179    96% | 90.9  4.4655  -0.4445
  50  0.30   800 |   8.6546  +0.2081 |  +0.0269    98% | 81.5  4.4064  -0.7997
  50  0.30  1000 |   8.6642  +0.1984 |  +0.0188    96% | 87.2  4.4064  -0.6222
  50  0.30  1200 |   8.6952  +0.1675 |  -0.0312    91% | 90.9  4.4064  -0.6192
 100  0.20   800 |   8.7671  +0.0956 |  +0.0016    95% | 81.5  4.7661  -0.4827
 100  0.20  1000 |   8.7673  +0.0953 |  +0.0072    96% | 87.2  4.7661  -0.4201
 100  0.20  1200 |   8.7676  +0.0950 |  -0.0146    92% | 90.9  4.7661  -0.4225
 100  0.25   800 |   8.7103  +0.1524 |  +0.0122    96% | 81.5  4.6861  -0.6335
 100  0.25  1000 |   8.7184  +0.1442 |  +0.0097    96% | 87.2  4.6861  -0.5877
 100  0.25  1200 |   8.7326  +0.1300 |  -0.0226    91% | 90.9  4.6861  -0.5865
 100  0.30   800 |   8.6855  +0.1771 |  -0.0084    95% | 81.5  4.6394  -0.8243
 100  0.30  1000 |   8.7049  +0.1578 |  -0.0224    92% | 87.2  4.6394  -0.7933
 100  0.30  1200 |   8.7385  +0.1242 |  -0.0821    82% | 90.9  4.6394  -0.7888

=== joint NESTED (A,W,gate) selection: chosen on training-half wells, applied to held-out half ===
  picks: [(('50', 0.3, 800.0), 5), (('20', 0.3, 1000.0), 2), (('20', 0.2, 1200.0), 2), (('20', 0.25, 1000.0), 1)]
  NESTED (A,W,gate) = 8.7358   gain vs deployed +0.1268

  54878409 config  : OOF 8.6825 gain +0.1802 boot5th +0.0579 frac>0 98%
  best grid config : A=50 W=0.3 gate=800 OOF 8.6546 gain +0.2081 boot5th +0.0269
  spread of gain across all 27 configs: +0.0950 .. +0.2081
