baseline s_54844628 OOF=8.8626

blend                                 OOF  oofGain |   3w_5th  3w_25th  3w_50th   P>0 |  gate
--- alpha-shrinkage toward baseline ---
s_54878409 a=0.05                  8.8414  +0.0213 |   -0.040   -0.002   +0.014   72% |  FAIL
s_54878409 a=0.10                  8.8213  +0.0413 |   -0.082   -0.005   +0.027   71% |  FAIL
s_54878409 a=0.20                  8.7850  +0.0776 |   -0.174   -0.013   +0.051   70% |  FAIL
s_54878409 a=0.30                  8.7539  +0.1088 |   -0.272   -0.027   +0.069   68% |  FAIL
s_54878409 a=0.50                  8.7071  +0.1555 |   -0.510   -0.069   +0.095   65% |  FAIL
topk96_l75 a=0.05                  8.8224  +0.0403 |   -0.068   -0.003   +0.024   73% |  FAIL
topk96_l75 a=0.10                  8.7843  +0.0783 |   -0.138   -0.007   +0.047   72% |  FAIL
topk96_l75 a=0.20                  8.7151  +0.1476 |   -0.291   -0.020   +0.087   71% |  FAIL
topk96_l75 a=0.30                  8.6551  +0.2076 |   -0.451   -0.039   +0.120   69% |  FAIL
topk96_l75 a=0.50                  8.5636  +0.2991 |   -0.815   -0.103   +0.168   67% |  FAIL
s_k96_aniso a=0.05                 8.8373  +0.0254 |   -0.048   -0.003   +0.017   71% |  FAIL
s_k96_aniso a=0.10                 8.8134  +0.0492 |   -0.099   -0.007   +0.034   71% |  FAIL
s_k96_aniso a=0.20                 8.7703  +0.0923 |   -0.206   -0.018   +0.063   70% |  FAIL
s_k96_aniso a=0.30                 8.7335  +0.1292 |   -0.322   -0.036   +0.086   68% |  FAIL
s_k96_aniso a=0.50                 8.6787  +0.1839 |   -0.602   -0.087   +0.121   65% |  FAIL

--- robust combiners across model family ---
median(dwt,pf,s1)                  8.9631  -0.1004 |   -0.345   -0.041   +0.000   50% |  FAIL
median(s1,s54878409,topk)          8.6650  +0.1976 |   -1.139   -0.182   +0.104   61% |  FAIL
trimmed 0.5*(s1+s54878409)         8.7071  +0.1555 |   -0.510   -0.069   +0.095   65% |  FAIL
min-move: base + clip(cand-base,+-2)   8.7124  +0.1502 |   -0.595   -0.133   +0.114   62% |  FAIL

=> looking for ANY blend with 3-well 5th>0 OR a strictly positive 25th with small downside.
